src/app/backoffice/addon-categories/[id]/page.tsx(30,15): error TS2322: Type '(formData: FormData) => Promise<{ error: string; } | undefined>' is not assignable to type 'string | ((formData: FormData) => void | Promise<void>) | undefined'.
  Type '(formData: FormData) => Promise<{ error: string; } | undefined>' is not assignable to type '(formData: FormData) => void | Promise<void>'.
    Type 'Promise<{ error: string; } | undefined>' is not assignable to type 'void | Promise<void>'.
      Type 'Promise<{ error: string; } | undefined>' is not assignable to type 'Promise<void>'.
        Type '{ error: string; } | undefined' is not assignable to type 'void'.
          Type '{ error: string; }' is not assignable to type 'void'.
src/app/backoffice/addon-categories/[id]/page.tsx(105,15): error TS2322: Type '(formData: FormData) => Promise<{ error: string; } | undefined>' is not assignable to type 'string | ((formData: FormData) => void | Promise<void>) | undefined'.
  Type '(formData: FormData) => Promise<{ error: string; } | undefined>' is not assignable to type '(formData: FormData) => void | Promise<void>'.
    Type 'Promise<{ error: string; } | undefined>' is not assignable to type 'void | Promise<void>'.
      Type 'Promise<{ error: string; } | undefined>' is not assignable to type 'Promise<void>'.
        Type '{ error: string; } | undefined' is not assignable to type 'void'.
          Type '{ error: string; }' is not assignable to type 'void'.
src/app/backoffice/addon-categories/EditAddonCategoryPanel.tsx(32,21): error TS2345: Argument of type 'boolean | null' is not assignable to parameter of type 'SetStateAction<boolean>'.
  Type 'null' is not assignable to type 'SetStateAction<boolean>'.
src/app/backoffice/addon-categories/new/page.tsx(24,15): error TS2322: Type '(formData: FormData) => Promise<{ error: string; } | undefined>' is not assignable to type 'string | ((formData: FormData) => void | Promise<void>) | undefined'.
  Type '(formData: FormData) => Promise<{ error: string; } | undefined>' is not assignable to type '(formData: FormData) => void | Promise<void>'.
    Type 'Promise<{ error: string; } | undefined>' is not assignable to type 'void | Promise<void>'.
      Type 'Promise<{ error: string; } | undefined>' is not assignable to type 'Promise<void>'.
        Type '{ error: string; } | undefined' is not assignable to type 'void'.
          Type '{ error: string; }' is not assignable to type 'void'.
src/app/backoffice/addons/[id]/page.tsx(30,15): error TS2322: Type '(formData: FormData) => Promise<{ error: string; } | undefined>' is not assignable to type 'string | ((formData: FormData) => void | Promise<void>) | undefined'.
  Type '(formData: FormData) => Promise<{ error: string; } | undefined>' is not assignable to type '(formData: FormData) => void | Promise<void>'.
    Type 'Promise<{ error: string; } | undefined>' is not assignable to type 'void | Promise<void>'.
      Type 'Promise<{ error: string; } | undefined>' is not assignable to type 'Promise<void>'.
        Type '{ error: string; } | undefined' is not assignable to type 'void'.
          Type '{ error: string; }' is not assignable to type 'void'.
src/app/backoffice/addons/[id]/page.tsx(127,15): error TS2322: Type '(formData: FormData) => Promise<{ error: string; } | undefined>' is not assignable to type 'string | ((formData: FormData) => void | Promise<void>) | undefined'.
  Type '(formData: FormData) => Promise<{ error: string; } | undefined>' is not assignable to type '(formData: FormData) => void | Promise<void>'.
    Type 'Promise<{ error: string; } | undefined>' is not assignable to type 'void | Promise<void>'.
      Type 'Promise<{ error: string; } | undefined>' is not assignable to type 'Promise<void>'.
        Type '{ error: string; } | undefined' is not assignable to type 'void'.
          Type '{ error: string; }' is not assignable to type 'void'.
src/app/backoffice/addons/new/page.tsx(24,15): error TS2322: Type '(formData: FormData) => Promise<{ error: string; } | undefined>' is not assignable to type 'string | ((formData: FormData) => void | Promise<void>) | undefined'.
  Type '(formData: FormData) => Promise<{ error: string; } | undefined>' is not assignable to type '(formData: FormData) => void | Promise<void>'.
    Type 'Promise<{ error: string; } | undefined>' is not assignable to type 'void | Promise<void>'.
      Type 'Promise<{ error: string; } | undefined>' is not assignable to type 'Promise<void>'.
        Type '{ error: string; } | undefined' is not assignable to type 'void'.
          Type '{ error: string; }' is not assignable to type 'void'.
src/app/backoffice/locations/[id]/page.tsx(21,15): error TS2322: Type '(formData: FormData) => Promise<{ success: boolean; error?: undefined; } | { error: string; success?: undefined; }>' is not assignable to type 'string | ((formData: FormData) => void | Promise<void>) | undefined'.
  Type '(formData: FormData) => Promise<{ success: boolean; error?: undefined; } | { error: string; success?: undefined; }>' is not assignable to type '(formData: FormData) => void | Promise<void>'.
    Type 'Promise<{ success: boolean; error?: undefined; } | { error: string; success?: undefined; }>' is not assignable to type 'void | Promise<void>'.
      Type 'Promise<{ success: boolean; error?: undefined; } | { error: string; success?: undefined; }>' is not assignable to type 'Promise<void>'.
        Type '{ success: boolean; error?: undefined; } | { error: string; success?: undefined; }' is not assignable to type 'void'.
          Type '{ success: boolean; error?: undefined; }' is not assignable to type 'void'.
src/app/backoffice/locations/[id]/page.tsx(27,13): error TS2322: Type '(formData: FormData) => Promise<{ error: string; success?: undefined; } | { success: boolean; error?: undefined; }>' is not assignable to type 'string | ((formData: FormData) => void | Promise<void>) | undefined'.
  Type '(formData: FormData) => Promise<{ error: string; success?: undefined; } | { success: boolean; error?: undefined; }>' is not assignable to type '(formData: FormData) => void | Promise<void>'.
    Type 'Promise<{ error: string; success?: undefined; } | { success: boolean; error?: undefined; }>' is not assignable to type 'void | Promise<void>'.
      Type 'Promise<{ error: string; success?: undefined; } | { success: boolean; error?: undefined; }>' is not assignable to type 'Promise<void>'.
        Type '{ error: string; success?: undefined; } | { success: boolean; error?: undefined; }' is not assignable to type 'void'.
          Type '{ error: string; success?: undefined; }' is not assignable to type 'void'.
src/app/backoffice/locations/new/page.tsx(11,13): error TS2322: Type '(formData: FormData) => Promise<{ error: string; success?: undefined; } | { success: boolean; error?: undefined; }>' is not assignable to type 'string | ((formData: FormData) => void | Promise<void>) | undefined'.
  Type '(formData: FormData) => Promise<{ error: string; success?: undefined; } | { success: boolean; error?: undefined; }>' is not assignable to type '(formData: FormData) => void | Promise<void>'.
    Type 'Promise<{ error: string; success?: undefined; } | { success: boolean; error?: undefined; }>' is not assignable to type 'void | Promise<void>'.
      Type 'Promise<{ error: string; success?: undefined; } | { success: boolean; error?: undefined; }>' is not assignable to type 'Promise<void>'.
        Type '{ error: string; success?: undefined; } | { success: boolean; error?: undefined; }' is not assignable to type 'void'.
          Type '{ error: string; success?: undefined; }' is not assignable to type 'void'.
src/app/backoffice/menus-categories/[id]/page.tsx(42,17): error TS2322: Type '(formData: FormData) => Promise<{ success: boolean; error?: undefined; } | { error: string[]; success?: undefined; } | { error: string; success?: undefined; }>' is not assignable to type 'string | ((formData: FormData) => void | Promise<void>) | undefined'.
  Type '(formData: FormData) => Promise<{ success: boolean; error?: undefined; } | { error: string[]; success?: undefined; } | { error: string; success?: undefined; }>' is not assignable to type '(formData: FormData) => void | Promise<void>'.
    Type 'Promise<{ success: boolean; error?: undefined; } | { error: string[]; success?: undefined; } | { error: string; success?: undefined; }>' is not assignable to type 'void | Promise<void>'.
      Type 'Promise<{ success: boolean; error?: undefined; } | { error: string[]; success?: undefined; } | { error: string; success?: undefined; }>' is not assignable to type 'Promise<void>'.
        Type '{ success: boolean; error?: undefined; } | { error: string[]; success?: undefined; } | { error: string; success?: undefined; }' is not assignable to type 'void'.
          Type '{ success: boolean; error?: undefined; }' is not assignable to type 'void'.
src/app/backoffice/menus-categories/[id]/page.tsx(55,15): error TS2322: Type '(formData: FormData) => Promise<{ error: string[]; } | { error: string; } | undefined>' is not assignable to type 'string | ((formData: FormData) => void | Promise<void>) | undefined'.
  Type '(formData: FormData) => Promise<{ error: string[]; } | { error: string; } | undefined>' is not assignable to type '(formData: FormData) => void | Promise<void>'.
    Type 'Promise<{ error: string[]; } | { error: string; } | undefined>' is not assignable to type 'void | Promise<void>'.
      Type 'Promise<{ error: string[]; } | { error: string; } | undefined>' is not assignable to type 'Promise<void>'.
        Type '{ error: string[]; } | { error: string; } | undefined' is not assignable to type 'void'.
          Type '{ error: string[]; }' is not assignable to type 'void'.
src/app/backoffice/menus/[id]/updateMenuFormData.tsx(60,15): error TS2322: Type '(formData: FormData) => Promise<{ success: boolean; error?: undefined; } | { error: string; success?: undefined; }>' is not assignable to type 'string | ((formData: FormData) => void | Promise<void>) | undefined'.
  Type '(formData: FormData) => Promise<{ success: boolean; error?: undefined; } | { error: string; success?: undefined; }>' is not assignable to type '(formData: FormData) => void | Promise<void>'.
    Type 'Promise<{ success: boolean; error?: undefined; } | { error: string; success?: undefined; }>' is not assignable to type 'void | Promise<void>'.
      Type 'Promise<{ success: boolean; error?: undefined; } | { error: string; success?: undefined; }>' is not assignable to type 'Promise<void>'.
        Type '{ success: boolean; error?: undefined; } | { error: string; success?: undefined; }' is not assignable to type 'void'.
          Type '{ success: boolean; error?: undefined; }' is not assignable to type 'void'.
